Performing C SOURCE FILE Test CMAKE_HAVE_LIBC_PTHREAD failed with the following output:
Change Dir: /home/kang/coderoot/crowdemo/crowdemopc/src/user_service/build/CMakeFiles/CMakeTmp

Run Build Command(s):/usr/bin/gmake -f Makefile cmTC_54223/fast && /usr/bin/gmake  -f CMakeFiles/cmTC_54223.dir/build.make CMakeFiles/cmTC_54223.dir/build
gmake[1]: 进入目录“/home/kang/coderoot/crowdemo/crowdemopc/src/user_service/build/CMakeFiles/CMakeTmp”
Building C object CMakeFiles/cmTC_54223.dir/src.c.o
/usr/bin/cc -DCMAKE_HAVE_LIBC_PTHREAD   -o CMakeFiles/cmTC_54223.dir/src.c.o -c /home/kang/coderoot/crowdemo/crowdemopc/src/user_service/build/CMakeFiles/CMakeTmp/src.c
Linking C executable cmTC_54223
/usr/bin/cmake -E cmake_link_script CMakeFiles/cmTC_54223.dir/link.txt --verbose=1
/usr/bin/cc -rdynamic CMakeFiles/cmTC_54223.dir/src.c.o -o cmTC_54223 
CMakeFiles/cmTC_54223.dir/src.c.o：在函数‘main’中：
src.c:(.text+0x2d)：对‘pthread_create’未定义的引用
src.c:(.text+0x39)：对‘pthread_detach’未定义的引用
src.c:(.text+0x45)：对‘pthread_cancel’未定义的引用
src.c:(.text+0x56)：对‘pthread_join’未定义的引用
collect2: 错误：ld 返回 1
gmake[1]: *** [CMakeFiles/cmTC_54223.dir/build.make:99：cmTC_54223] 错误 1
gmake[1]: 离开目录“/home/kang/coderoot/crowdemo/crowdemopc/src/user_service/build/CMakeFiles/CMakeTmp”
gmake: *** [Makefile:127：cmTC_54223/fast] 错误 2


Source file was:
#include <pthread.h>

static void* test_func(void* data)
{
  return data;
}

int main(void)
{
  pthread_t thread;
  pthread_create(&thread, NULL, test_func, NULL);
  pthread_detach(thread);
  pthread_cancel(thread);
  pthread_join(thread, NULL);
  pthread_atfork(NULL, NULL, NULL);
  pthread_exit(NULL);

  return 0;
}

Determining if the function pthread_create exists in the pthreads failed with the following output:
Change Dir: /home/kang/coderoot/crowdemo/crowdemopc/src/user_service/build/CMakeFiles/CMakeTmp

Run Build Command(s):/usr/bin/gmake -f Makefile cmTC_22a60/fast && /usr/bin/gmake  -f CMakeFiles/cmTC_22a60.dir/build.make CMakeFiles/cmTC_22a60.dir/build
gmake[1]: 进入目录“/home/kang/coderoot/crowdemo/crowdemopc/src/user_service/build/CMakeFiles/CMakeTmp”
Building C object CMakeFiles/cmTC_22a60.dir/CheckFunctionExists.c.o
/usr/bin/cc   -DCHECK_FUNCTION_EXISTS=pthread_create -o CMakeFiles/cmTC_22a60.dir/CheckFunctionExists.c.o -c /usr/share/cmake/Modules/CheckFunctionExists.c
Linking C executable cmTC_22a60
/usr/bin/cmake -E cmake_link_script CMakeFiles/cmTC_22a60.dir/link.txt --verbose=1
/usr/bin/cc  -DCHECK_FUNCTION_EXISTS=pthread_create -rdynamic CMakeFiles/cmTC_22a60.dir/CheckFunctionExists.c.o -o cmTC_22a60  -lpthreads 
/usr/bin/ld: 找不到 -lpthreads
collect2: 错误：ld 返回 1
gmake[1]: *** [CMakeFiles/cmTC_22a60.dir/build.make:99：cmTC_22a60] 错误 1
gmake[1]: 离开目录“/home/kang/coderoot/crowdemo/crowdemopc/src/user_service/build/CMakeFiles/CMakeTmp”
gmake: *** [Makefile:127：cmTC_22a60/fast] 错误 2



