2025-08-12 07:34:24.493 [INFO ] Logger initialized. Log file: ./logs/gateway_20250812.log
2025-08-12 07:34:24.493 [INFO ] Logger initialized from config. Log file: ./logs/gateway_20250812.log
2025-08-12 07:34:24.493 [INFO ] Gateway service starting...
2025-08-12 07:34:24.495 [INFO ] 成功订阅Redis通道 200
2025-08-12 07:37:49.473 [INFO ] RequestID: 737b683ec74df68a4ae027f265fb266e | Method: 1 | URL: /api/user/1
2025-08-12 07:37:49.473 [INFO ] RequestID: 737b683ec74df68a4ae027f265fb266e | Headers:
2025-08-12 07:37:49.473 [INFO ]   Connection: keep-alive
2025-08-12 07:37:49.473 [INFO ]   Accept-Encoding: gzip, deflate, br
2025-08-12 07:37:49.473 [INFO ]   Host: 192.168.58.130:18080
2025-08-12 07:37:49.473 [INFO ]   Accept: */*
2025-08-12 07:37:49.473 [INFO ]   User-Agent: Apifox/1.0.0 (https://apifox.com)
2025-08-12 07:37:49.473 [INFO ] RequestID: 737b683ec74df68a4ae027f265fb266e | 开始处理请求
2025-08-12 07:37:49.473 [INFO ] ApiService 初始化开始
2025-08-12 07:37:49.474 [INFO ] RequestID: 737b683ec74df68a4ae027f265fb266e | Processing user info request for user_id: 1
2025-08-12 07:37:49.653 [INFO ] 收到服务上线事件: /services/user_service/192.168.58.130:50051
2025-08-12 07:37:49.653 [INFO ] 用户服务上线: /services/user_service/192.168.58.130:50051 -> {"host":"192.168.58.130","port":50051}
2025-08-12 07:37:49.653 [INFO ] 服务发现初始化成功，可用服务数: 1
2025-08-12 07:37:49.724 [INFO ] 收到Redis通道 200 的消息: {"type":"request","user_id":1,"timestamp":1755009469}
2025-08-12 07:37:49.725 [INFO ] RequestID: 737b683ec74df68a4ae027f265fb266e | User info retrieved from user service successfully
2025-08-12 07:37:49.725 [INFO ] RequestID: 737b683ec74df68a4ae027f265fb266e | Method: 1 | URL: /api/user/1 | 处理完成，耗时: 251ms
2025-08-12 07:37:49.725 [INFO ] RequestID: 737b683ec74df68a4ae027f265fb266e | Response Status: 200
2025-08-12 07:42:10.462 [INFO ] RequestID: f651bba86500c5f49547efa658bf46dd | Method: 1 | URL: /ws
2025-08-12 07:42:10.462 [INFO ] RequestID: f651bba86500c5f49547efa658bf46dd | Headers:
2025-08-12 07:42:10.463 [INFO ]   Upgrade: websocket
2025-08-12 07:42:10.463 [INFO ]   Pragma: no-cache
2025-08-12 07:42:10.463 [INFO ]   Sec-WebSocket-Key: 6uoAtnVfDtJHU4veaIcNHQ==
2025-08-12 07:42:10.463 [INFO ]   Sec-WebSocket-Extensions: permessage-deflate
2025-08-12 07:42:10.463 [INFO ]   Origin: null
2025-08-12 07:42:10.463 [INFO ]   Cache-Control: no-cache
2025-08-12 07:42:10.463 [INFO ]   Connection: keep-alive, Upgrade
2025-08-12 07:42:10.463 [INFO ]   Sec-WebSocket-Version: 13
2025-08-12 07:42:10.463 [INFO ]   Accept-Encoding: gzip, deflate
2025-08-12 07:42:10.463 [INFO ]   Accept-Language: en-US,en;q=0.5
2025-08-12 07:42:10.463 [INFO ]   Accept: */*
2025-08-12 07:42:10.463 [INFO ]   User-Agent: Mozilla/5.0 (X11; Linux x86_64; rv:78.0) Gecko/20100101 Firefox/78.0
2025-08-12 07:42:10.463 [INFO ]   Host: 127.0.0.1:18080
2025-08-12 07:42:10.463 [INFO ] RequestID: f651bba86500c5f49547efa658bf46dd | 开始处理请求
2025-08-12 07:42:10.463 [INFO ] WebSocket客户端连接成功，客户端ID: client_20250812_074210_463_4288，当前连接数: 1
2025-08-12 07:42:30.058 [INFO ] RequestID: 5006afd7df6e359910b12668b839d294 | Method: 1 | URL: /api/user/1
2025-08-12 07:42:30.058 [INFO ] RequestID: 5006afd7df6e359910b12668b839d294 | Headers:
2025-08-12 07:42:30.058 [INFO ]   Connection: keep-alive
2025-08-12 07:42:30.058 [INFO ]   Accept-Encoding: gzip, deflate, br
2025-08-12 07:42:30.058 [INFO ]   Host: 192.168.58.130:18080
2025-08-12 07:42:30.058 [INFO ]   Accept: */*
2025-08-12 07:42:30.058 [INFO ]   User-Agent: Apifox/1.0.0 (https://apifox.com)
2025-08-12 07:42:30.058 [INFO ] RequestID: 5006afd7df6e359910b12668b839d294 | 开始处理请求
2025-08-12 07:42:30.058 [INFO ] RequestID: 5006afd7df6e359910b12668b839d294 | Processing user info request for user_id: 1
2025-08-12 07:42:30.062 [INFO ] 收到Redis通道 200 的消息: {"type":"request","user_id":1,"timestamp":1755009750}
2025-08-12 07:42:30.062 [INFO ] RequestID: 5006afd7df6e359910b12668b839d294 | User info retrieved from user service successfully
2025-08-12 07:42:30.062 [INFO ] RequestID: 5006afd7df6e359910b12668b839d294 | Method: 1 | URL: /api/user/1 | 处理完成，耗时: 4ms
2025-08-12 07:42:30.062 [INFO ] RequestID: 5006afd7df6e359910b12668b839d294 | Response Status: 200
2025-08-12 07:43:39.197 [INFO ] RequestID: 81f8a1d5c57571ba8ce992d4bb130842 | Method: 1 | URL: /ws
2025-08-12 07:43:39.198 [INFO ] RequestID: 81f8a1d5c57571ba8ce992d4bb130842 | Headers:
2025-08-12 07:43:39.198 [INFO ]   Sec-WebSocket-Extensions: permessage-deflate; client_max_window_bits
2025-08-12 07:43:39.198 [INFO ]   Accept-Language: zh-CN,zh;q=0.9,en;q=0.8,en-GB;q=0.7,en-US;q=0.6
2025-08-12 07:43:39.198 [INFO ]   Accept-Encoding: gzip, deflate, br, zstd
2025-08-12 07:43:39.198 [INFO ]   Origin: null
2025-08-12 07:43:39.198 [INFO ]   Upgrade: websocket
2025-08-12 07:43:39.198 [INFO ]   User-Agent: Mozilla/5.0 (Windows NT 10.0; Win64; x64) AppleWebKit/537.36 (KHTML, like Gecko) Chrome/139.0.0.0 Safari/537.36 Edg/139.0.0.0
2025-08-12 07:43:39.198 [INFO ]   Sec-WebSocket-Key: vCiYuNm2AnYsnwR+1esNNA==
2025-08-12 07:43:39.198 [INFO ]   Pragma: no-cache
2025-08-12 07:43:39.198 [INFO ]   Sec-WebSocket-Version: 13
2025-08-12 07:43:39.198 [INFO ]   Cache-Control: no-cache
2025-08-12 07:43:39.198 [INFO ]   Connection: Upgrade
2025-08-12 07:43:39.198 [INFO ]   Host: 127.0.0.1:18080
2025-08-12 07:43:39.198 [INFO ] RequestID: 81f8a1d5c57571ba8ce992d4bb130842 | 开始处理请求
2025-08-12 07:43:39.198 [INFO ] WebSocket客户端连接成功，客户端ID: client_20250812_074339_198_8582，当前连接数: 2
2025-08-12 07:44:05.418 [INFO ] RequestID: 0c55a70ee27960bc6f8a41a02ff3d8dc | Method: 1 | URL: /api/user/1
2025-08-12 07:44:05.418 [INFO ] RequestID: 0c55a70ee27960bc6f8a41a02ff3d8dc | Headers:
2025-08-12 07:44:05.418 [INFO ]   Connection: keep-alive
2025-08-12 07:44:05.418 [INFO ]   Accept-Encoding: gzip, deflate, br
2025-08-12 07:44:05.418 [INFO ]   Host: 192.168.58.130:18080
2025-08-12 07:44:05.418 [INFO ]   Accept: */*
2025-08-12 07:44:05.418 [INFO ]   User-Agent: Apifox/1.0.0 (https://apifox.com)
2025-08-12 07:44:05.418 [INFO ] RequestID: 0c55a70ee27960bc6f8a41a02ff3d8dc | 开始处理请求
2025-08-12 07:44:05.418 [INFO ] RequestID: 0c55a70ee27960bc6f8a41a02ff3d8dc | Processing user info request for user_id: 1
2025-08-12 07:44:05.421 [INFO ] 收到Redis通道 200 的消息: {"type":"request","user_id":1,"timestamp":1755009845}
2025-08-12 07:44:05.422 [INFO ] RequestID: 0c55a70ee27960bc6f8a41a02ff3d8dc | User info retrieved from user service successfully
2025-08-12 07:44:05.422 [INFO ] RequestID: 0c55a70ee27960bc6f8a41a02ff3d8dc | Method: 1 | URL: /api/user/1 | 处理完成，耗时: 4ms
2025-08-12 07:44:05.422 [INFO ] RequestID: 0c55a70ee27960bc6f8a41a02ff3d8dc | Response Status: 200
