Performing C++ SOURCE FILE Test CMAKE_HAVE_LIBC_PTHREAD failed with the following output:
Change Dir: /home/kang/coderoot/crowdemo/crowdemopc/src/gateway/build/CMakeFiles/CMakeTmp

Run Build Command(s):/usr/bin/gmake -f Makefile cmTC_aec58/fast && /usr/bin/gmake  -f CMakeFiles/cmTC_aec58.dir/build.make CMakeFiles/cmTC_aec58.dir/build
gmake[1]: 进入目录“/home/kang/coderoot/crowdemo/crowdemopc/src/gateway/build/CMakeFiles/CMakeTmp”
Building CXX object CMakeFiles/cmTC_aec58.dir/src.cxx.o
/usr/local/bin/c++ -DCMAKE_HAVE_LIBC_PTHREAD   -o CMakeFiles/cmTC_aec58.dir/src.cxx.o -c /home/kang/coderoot/crowdemo/crowdemopc/src/gateway/build/CMakeFiles/CMakeTmp/src.cxx
Linking CXX executable cmTC_aec58
/usr/bin/cmake -E cmake_link_script CMakeFiles/cmTC_aec58.dir/link.txt --verbose=1
/usr/local/bin/c++ -rdynamic CMakeFiles/cmTC_aec58.dir/src.cxx.o -o cmTC_aec58 
CMakeFiles/cmTC_aec58.dir/src.cxx.o：在函数‘main’中：
src.cxx:(.text+0x2d)：对‘pthread_create’未定义的引用
src.cxx:(.text+0x39)：对‘pthread_detach’未定义的引用
src.cxx:(.text+0x45)：对‘pthread_cancel’未定义的引用
src.cxx:(.text+0x56)：对‘pthread_join’未定义的引用
collect2: 错误：ld 返回 1
gmake[1]: *** [CMakeFiles/cmTC_aec58.dir/build.make:99：cmTC_aec58] 错误 1
gmake[1]: 离开目录“/home/kang/coderoot/crowdemo/crowdemopc/src/gateway/build/CMakeFiles/CMakeTmp”
gmake: *** [Makefile:127：cmTC_aec58/fast] 错误 2


Source file was:
#include <pthread.h>

static void* test_func(void* data)
{
  return data;
}

int main(void)
{
  pthread_t thread;
  pthread_create(&thread, NULL, test_func, NULL);
  pthread_detach(thread);
  pthread_cancel(thread);
  pthread_join(thread, NULL);
  pthread_atfork(NULL, NULL, NULL);
  pthread_exit(NULL);

  return 0;
}

Determining if the function pthread_create exists in the pthreads failed with the following output:
Change Dir: /home/kang/coderoot/crowdemo/crowdemopc/src/gateway/build/CMakeFiles/CMakeTmp

Run Build Command(s):/usr/bin/gmake -f Makefile cmTC_98967/fast && /usr/bin/gmake  -f CMakeFiles/cmTC_98967.dir/build.make CMakeFiles/cmTC_98967.dir/build
gmake[1]: 进入目录“/home/kang/coderoot/crowdemo/crowdemopc/src/gateway/build/CMakeFiles/CMakeTmp”
Building CXX object CMakeFiles/cmTC_98967.dir/CheckFunctionExists.cxx.o
/usr/local/bin/c++   -DCHECK_FUNCTION_EXISTS=pthread_create -o CMakeFiles/cmTC_98967.dir/CheckFunctionExists.cxx.o -c /home/kang/coderoot/crowdemo/crowdemopc/src/gateway/build/CMakeFiles/CheckLibraryExists/CheckFunctionExists.cxx
Linking CXX executable cmTC_98967
/usr/bin/cmake -E cmake_link_script CMakeFiles/cmTC_98967.dir/link.txt --verbose=1
/usr/local/bin/c++  -DCHECK_FUNCTION_EXISTS=pthread_create -rdynamic CMakeFiles/cmTC_98967.dir/CheckFunctionExists.cxx.o -o cmTC_98967  -lpthreads 
/usr/bin/ld: 找不到 -lpthreads
collect2: 错误：ld 返回 1
gmake[1]: *** [CMakeFiles/cmTC_98967.dir/build.make:99：cmTC_98967] 错误 1
gmake[1]: 离开目录“/home/kang/coderoot/crowdemo/crowdemopc/src/gateway/build/CMakeFiles/CMakeTmp”
gmake: *** [Makefile:127：cmTC_98967/fast] 错误 2



